=== WAVE 1: SISTEMA DE ERRORES (después) ===
1.1 typeck en módulo:
clx.exe : [[1m[91mERROR[0m[0m] [91mNo se puede asignar String a Int[0m (qalib-type-error:2:5)
En línea: 4 Carácter: 3
+ $(& $clx run --jit "C:\Users\Frask\Documents\cls\examples\audit\modul ...
+   ~~~~~~~~~~~~~~~~~~~~~~~~~~~~~~~~~~~~~~~~~~~~~~~~~~~~~~~~~~~~~~~~~~~
    + CategoryInfo          : NotSpecified: ([[1m[91mERROR...type-error:2:5):String) [], RemoteException
    + FullyQualifiedErrorId : NativeCommandError
 
  |     var x: int = "texto";
  |     ^

1.3 call sites (err-divzero-nested):
clx.exe : [91mError de ejecuci├│n:[0m
En línea: 6 Carácter: 3
+ $(& $clx run --jit "C:\Users\Frask\Documents\cls\examples\audit\error ...
+   ~~~~~~~~~~~~~~~~~~~~~~~~~~~~~~~~~~~~~~~~~~~~~~~~~~~~~~~~~~~~~~~~~~~
    + CategoryInfo          : NotSpecified: ([91mError de ejecuci├│n:[0m:String) [], RemoteException
    + FullyQualifiedErrorId : NativeCommandError
 

[36m1[0m. [33mÔåÆ[0m main
[36m2[0m. En C:\Users\Frask\Documents\cls\examples\audit\errores\err-divzero-nested.clsx:9:22 [33mÔåÆ[0m outer
  9 |     var r = outer(10);
    | [90m                     ^[0m
[36m3[0m. En C:\Users\Frask\Documents\cls\examples\audit\errores\err-divzero-nested.clsx:6:20 [33mÔåÆ[0m inner
  6 |     return inner(y);
    | [90m                   ^[0m
[36m4[0m. En C:\Users\Frask\Documents\cls\examples\audit\errores\err-divzero-nested.clsx:3:14 [95m[Runtime 
Error][0m
  3 |     return y / 0;
    | [31m             ^[0m
  [1m[91mError:[0m[0m Divisi├│n por cero


1.4 stack overflow (stress-recursion):
inicio
clx.exe : [91mError de ejecuci├│n:[0m
En línea: 8 Carácter: 3
+ $(& $clx run --jit "C:\Users\Frask\Documents\cls\examples\audit\stres ...
+   ~~~~~~~~~~~~~~~~~~~~~~~~~~~~~~~~~~~~~~~~~~~~~~~~~~~~~~~~~~~~~~~~~~~
    + CategoryInfo          : NotSpecified: ([91mError de ejecuci├│n:[0m:String) [], RemoteException
    + FullyQualifiedErrorId : NativeCommandError
 

[36m1[0m. En C:\Users\Frask\Documents\cls\examples\audit\stress\stress-recursion.clsx:3:20 [33mÔåÆ[0m f
  3 |     return f(n + 1);
    | [90m                   ^[0m
[36m2[0m. En C:\Users\Frask\Documents\cls\examples\audit\stress\stress-recursion.clsx:3:20 [33mÔåÆ[0m f
  3 |     return f(n + 1);
    | [90m                   ^[0m
[36m3[0m. En C:\Users\Frask\Documents\cls\examples\audit\stress\stress-recursion.clsx:3:20 [33mÔåÆ[0m f
  3 |     return f(n + 1);
    | [90m                   ^[0m
[36m4[0m. En C:\Users\Frask\Documents\cls\examples\audit\stress\stress-recursion.clsx:3:20 [95m[Runtime Error][0m
  3 |     return f(n + 1);
    | [31m                   ^[0m
  [1m[91mError:[0m[0m stack overflow


1.6 conversion (err-conversion):
clx.exe : [91mError de ejecuci├│n:[0m
En línea: 10 Carácter: 3
+ $(& $clx run --jit "C:\Users\Frask\Documents\cls\examples\audit\error ...
+   ~~~~~~~~~~~~~~~~~~~~~~~~~~~~~~~~~~~~~~~~~~~~~~~~~~~~~~~~~~~~~~~~~~~
    + CategoryInfo          : NotSpecified: ([91mError de ejecuci├│n:[0m:String) [], RemoteException
    + FullyQualifiedErrorId : NativeCommandError
 

[36m1[0m. [33mÔåÆ[0m main
[36m2[0m. En C:\Users\Frask\Documents\cls\examples\audit\errores\err-conversion.clsx:3:32 [95m[Runtime Error][0m
  3 |     print(int("no es un numero"));
    | [31m                               ^[0m
  [1m[91mError:[0m[0m int: no se puede convertir 'no es un numero'


1.10 check label:
clx.exe : [[1m[91mERROR[0m[0m] [91mNo se puede asignar String a Int[0m ([90mqalib-type-error:2:5[0m)
En línea: 12 Carácter: 3
+ $(& $clx check --strict "C:\Users\Frask\Documents\cls\examples\audit\ ...
+   ~~~~~~~~~~~~~~~~~~~~~~~~~~~~~~~~~~~~~~~~~~~~~~~~~~~~~~~~~~~~~~~~~~~
    + CategoryInfo          : NotSpecified: ([[1m[91mERROR...-error:2:5[0m):String) [], RemoteException
    + FullyQualifiedErrorId : NativeCommandError
 
  2 |     var x: int = "texto";
    |     [91m^[0m

