=== DEUDA ERRORES — ANTES ===

===== REPRO 1: qa-main-type-error (--jit typeck diag) [modules/] =====
Error al leer 'qa-main-type-error.clsx': El sistema no puede encontrar el archivo especificado. (os error 2)

===== REPRO 2: err-divzero-nested (call stack frames) [errores/] =====
Error al leer 'err-divzero-nested.clsx': El sistema no puede encontrar el archivo especificado. (os error 2)

===== REPRO 3: stress-recursion (stack overflow) [stress/] =====
Error al leer 'stress-recursion.clsx': El sistema no puede encontrar el archivo especificado. (os error 2)

===== REPRO 4: err-conversion (parse_int host) [errores/] =====
Error al leer 'err-conversion.clsx': El sistema no puede encontrar el archivo especificado. (os error 2)

===== REPRO 5: clx check --strict qa-main-type-error [modules/] =====
Error: 'qa-main-type-error.clsx' no encontrado


===== REPRO 2: err-divzero-nested (call stack frames) =====
[91mError de ejecuci├│n:[0m
System.Management.Automation.RemoteException
[36m1[0m. En err-divzero-nested.clsx:8:1 [33mÔåÆ[0m main
  8 | function main(args: String[]) -> int {
    | [90m^[0m
[36m2[0m. En err-divzero-nested.clsx:5:1 [33mÔåÆ[0m outer
  5 | function outer(y: int) -> int {
    | [90m^[0m
[36m3[0m. En err-divzero-nested.clsx:2:1 [33mÔåÆ[0m inner
  2 | function inner(y: int) -> int {
    | [90m^[0m
[36m4[0m. En err-divzero-nested.clsx:3:14 [95m[Runtime Error][0m
  3 |     return y / 0;
    | [31m             ^[0m
  [1m[91mError:[0m[0m Divisi├│n por cero
System.Management.Automation.RemoteException

===== REPRO 4: err-conversion (parse_int host) =====
Error: int: no se puede convertir 'no es un numero'

===== REPRO 3: stress-recursion (stack overflow) =====
Error al leer 'stress-recursion.clsx': El sistema no puede encontrar el archivo especificado. (os error 2)



===== REPRO 3: stress-recursion (stack overflow, últimas líneas) =====
[36m999[0m. En stress-recursion.clsx:2:1 [33mÔåÆ[0m f
  2 | function f(n: int) -> int {
    | [90m^[0m
[36m1000[0m. En stress-recursion.clsx:2:1 [33mÔåÆ[0m f
  2 | function f(n: int) -> int {
    | [90m^[0m
[36m1001[0m. En stress-recursion.clsx:2:1 [95m[Runtime Error][0m
  2 | function f(n: int) -> int {
    | [31m^[0m
  [1m[91mError:[0m[0m Trap WASM: wasm trap: call stack exhausted
System.Management.Automation.RemoteException


